2025-10-14T04:33:11+02:00 VALIDATION_PASSWORD_POLICY_FAIL
2025-10-14T04:33:35+02:00 VALIDATION_PASSWORD_MISMATCH
2025-10-14T04:33:50+02:00 AUTH_RESPONSE STATUS:500 RAW:{"code":"23502","message":"null value in column \"first_name\" of relation \"admins\" violates not-null constraint","detail":"Failing row contains (3966e918-5780-47aa-adae-998a1b1d74b5, null, null, apariciojuanesteban@gmail.com, null, f, 2025-10-14 02:33:49.340365+00)."} ERR:
2025-10-14T04:33:50+02:00 AUTH_ERROR: null value in column "first_name" of relation "admins" violates not-null constraint RAW:{"code":"23502","message":"null value in column \"first_name\" of relation \"admins\" violates not-null constraint","detail":"Failing row contains (3966e918-5780-47aa-adae-998a1b1d74b5, null, null, apariciojuanesteban@gmail.com, null, f, 2025-10-14 02:33:49.340365+00)."}
2025-10-14T04:48:19+02:00 VALIDATION_PASSWORD_POLICY_FAIL
2025-10-14T04:48:41+02:00 AUTH_RESPONSE STATUS:500 RAW:{"code":"23502","message":"null value in column \"last_name\" of relation \"admins\" violates not-null constraint","detail":"Failing row contains (2edbe90f-5bb7-45eb-8c9b-c252fddc814c, null, null, apariciojuanesteban@gmail.com, null, f, 2025-10-14 02:48:40.06355+00)."} ERR:
2025-10-14T04:48:41+02:00 AUTH_ERROR: null value in column "last_name" of relation "admins" violates not-null constraint RAW:{"code":"23502","message":"null value in column \"last_name\" of relation \"admins\" violates not-null constraint","detail":"Failing row contains (2edbe90f-5bb7-45eb-8c9b-c252fddc814c, null, null, apariciojuanesteban@gmail.com, null, f, 2025-10-14 02:48:40.06355+00)."}
2025-10-14T04:52:41+02:00 AUTH_RESPONSE STATUS:500 RAW:{"code":"23502","message":"null value in column \"restaurant_name\" of relation \"admins\" violates not-null constraint","detail":"Failing row contains (59d073ea-96fe-4287-baa3-04dfa05fb77e, null, null, apariciojuanesteban@gmail.com, null, f, 2025-10-14 02:52:39.860799+00)."} ERR:
2025-10-14T04:52:41+02:00 AUTH_ERROR: null value in column "restaurant_name" of relation "admins" violates not-null constraint RAW:{"code":"23502","message":"null value in column \"restaurant_name\" of relation \"admins\" violates not-null constraint","detail":"Failing row contains (59d073ea-96fe-4287-baa3-04dfa05fb77e, null, null, apariciojuanesteban@gmail.com, null, f, 2025-10-14 02:52:39.860799+00)."}
2025-10-14T04:54:31+02:00 AUTH_RESPONSE STATUS:500 RAW:{"code":"23502","message":"null value in column \"restaurant_name\" of relation \"admins\" violates not-null constraint","detail":"Failing row contains (b2718624-2a82-49a8-976d-3d639f18144e, null, null, apariciojuanesteban@gmail.com, null, f, 2025-10-14 02:54:30.582539+00)."} ERR:
2025-10-14T04:54:31+02:00 AUTH_ERROR: null value in column "restaurant_name" of relation "admins" violates not-null constraint RAW:{"code":"23502","message":"null value in column \"restaurant_name\" of relation \"admins\" violates not-null constraint","detail":"Failing row contains (b2718624-2a82-49a8-976d-3d639f18144e, null, null, apariciojuanesteban@gmail.com, null, f, 2025-10-14 02:54:30.582539+00)."}
2025-10-14T04:54:41+02:00 AUTH_RESPONSE STATUS:500 RAW:{"code":"23502","message":"null value in column \"restaurant_name\" of relation \"admins\" violates not-null constraint","detail":"Failing row contains (8b7214f2-9d43-419a-b805-1aa4f0b4ecdc, null, null, apariciojuanesteban@gmail.com, null, f, 2025-10-14 02:54:40.763491+00)."} ERR:
2025-10-14T04:54:41+02:00 AUTH_ERROR: null value in column "restaurant_name" of relation "admins" violates not-null constraint RAW:{"code":"23502","message":"null value in column \"restaurant_name\" of relation \"admins\" violates not-null constraint","detail":"Failing row contains (8b7214f2-9d43-419a-b805-1aa4f0b4ecdc, null, null, apariciojuanesteban@gmail.com, null, f, 2025-10-14 02:54:40.763491+00)."}
2025-10-14T04:57:36+02:00 AUTH_RESPONSE STATUS:500 RAW:{"code":500,"error_code":"unexpected_failure","msg":"Error sending confirmation email","error_id":"98e3cf6390994c02-MIA"} ERR:
2025-10-14T04:57:36+02:00 AUTH_ERROR: Error sending confirmation email RAW:{"code":500,"error_code":"unexpected_failure","msg":"Error sending confirmation email","error_id":"98e3cf6390994c02-MIA"}
2025-10-14T05:02:46+02:00 AUTH_RESPONSE STATUS:500 RAW:{"code":500,"error_code":"unexpected_failure","msg":"Error sending confirmation email","error_id":"98e3d6f48248db3f-BOG"} ERR:
2025-10-14T05:02:46+02:00 AUTH_ERROR: Error sending confirmation email RAW:{"code":500,"error_code":"unexpected_failure","msg":"Error sending confirmation email","error_id":"98e3d6f48248db3f-BOG"}
2025-10-14T05:03:16+02:00 VALIDATION_PASSWORD_MISMATCH
2025-10-14T05:03:33+02:00 AUTH_RESPONSE STATUS:500 RAW:{"code":500,"error_code":"unexpected_failure","msg":"Error sending confirmation email","error_id":"98e3d817a33d6c18-BOG"} ERR:
2025-10-14T05:03:33+02:00 AUTH_ERROR: Error sending confirmation email RAW:{"code":500,"error_code":"unexpected_failure","msg":"Error sending confirmation email","error_id":"98e3d817a33d6c18-BOG"}
